22:24:35 **** Incremental Build of configuration Debug for project ADC_Reg ****
make -j8 all 
arm-none-eabi-gcc "../Src/main.c" -mcpu=cortex-m4 -std=gnu11 -g3 -DDEBUG -DSTM32 -DSTM32F4 -DSTM32F401VETx -c -I../Inc -I"D:/cd/STM32/Project/STM32_BasicProjects/Led_HAL/Drivers/CMSIS/Device/ST/STM32F4xx/Include" -I"D:/cd/STM32/Project/STM32_BasicProjects/Led_HAL/Drivers/CMSIS/Include" -O0 -ffunction-sections -fdata-sections -Wall -fstack-usage -MMD -MP -MF"Src/main.d" -MT"Src/main.o" --specs=nano.specs -mfpu=fpv4-sp-d16 -mfloat-abi=hard -mthumb -o "Src/main.o"
../Src/main.c: In function 'main':
../Src/main.c:33:33: warning: format '%d' expects argument of type 'int', but argument 3 has type 'uint32_t' {aka 'long unsigned int'} [-Wformat=]
   33 |   sprintf(result, "ADC value = %d\r\n", ADC1_data);
      |                                ~^       ~~~~~~~~~
      |                                 |       |
      |                                 int     uint32_t {aka long unsigned int}
      |                                %ld
arm-none-eabi-gcc -o "ADC_Reg.elf" @"objects.list"   -mcpu=cortex-m4 -T"D:\cd\STM32\Project\STM32_BasicProjects\ADC_Reg\STM32F401VETX_FLASH.ld" --specs=nosys.specs -Wl,-Map="ADC_Reg.map" -Wl,--gc-sections -static --specs=nano.specs -mfpu=fpv4-sp-d16 -mfloat-abi=hard -mthumb -Wl,--start-group -lc -lm -Wl,--end-group
Finished building target: ADC_Reg.elf
 
arm-none-eabi-size   ADC_Reg.elf 
arm-none-eabi-objdump -h -S  ADC_Reg.elf  > "ADC_Reg.list"
arm-none-eabi-objcopy  -O ihex  ADC_Reg.elf  "ADC_Reg.hex"
arm-none-eabi-objcopy  -O binary  ADC_Reg.elf  "ADC_Reg.bin"
   text	   data	    bss	    dec	    hex	filename
   4100	    108	   1612	   5820	   16bc	ADC_Reg.elf
Finished building: default.size.stdout
 
Finished building: ADC_Reg.hex
Finished building: ADC_Reg.bin
 
Finished building: ADC_Reg.list
 
 

22:24:35 Build Finished. 0 errors, 1 warnings. (took 482ms)

