18:19:23 **** Incremental Build of configuration Debug for project ADC_HAL ****
make -j8 all 
arm-none-eabi-gcc "../Core/Src/main.c" -mcpu=cortex-m4 -std=gnu11 -g3 -DDEBUG -DUSE_HAL_DRIVER -DSTM32F401xE -c -I../Core/Inc -I../Drivers/STM32F4xx_HAL_Driver/Inc -I../Drivers/STM32F4xx_HAL_Driver/Inc/Legacy -I../Drivers/CMSIS/Device/ST/STM32F4xx/Include -I../Drivers/CMSIS/Include -O0 -ffunction-sections -fdata-sections -Wall -fstack-usage -MMD -MP -MF"Core/Src/main.d" -MT"Core/Src/main.o" --specs=nano.specs -mfpu=fpv4-sp-d16 -mfloat-abi=hard -mthumb -o "Core/Src/main.o"
arm-none-eabi-gcc -o "ADC_HAL.elf" @"objects.list"   -mcpu=cortex-m4 -T"D:\cd\STM32\Project\STM32_BasicProjects\ADC_HAL\STM32F401VETX_FLASH.ld" --specs=nosys.specs -Wl,-Map="ADC_HAL.map" -Wl,--gc-sections -static --specs=nano.specs -mfpu=fpv4-sp-d16 -mfloat-abi=hard -mthumb -Wl,--start-group -lc -lm -Wl,--end-group
Finished building target: ADC_HAL.elf
 
arm-none-eabi-size   ADC_HAL.elf 
arm-none-eabi-objdump -h -S  ADC_HAL.elf  > "ADC_HAL.list"
arm-none-eabi-objcopy  -O ihex  ADC_HAL.elf  "ADC_HAL.hex"
arm-none-eabi-objcopy  -O binary  ADC_HAL.elf  "ADC_HAL.bin"
   text	   data	    bss	    dec	    hex	filename
  13388	    120	   1752	  15260	   3b9c	ADC_HAL.elf
Finished building: default.size.stdout
 
Finished building: ADC_HAL.hex
Finished building: ADC_HAL.bin
 
 
Finished building: ADC_HAL.list
 
